../rtos/src/kservice.c:50:10:rt_get_errno	16	static
../rtos/src/kservice.c:73:6:rt_set_errno	24	static
../rtos/src/kservice.c:102:6:_rt_errno	16	static
../rtos/src/kservice.c:126:7:rt_memset	40	static
../rtos/src/kservice.c:210:7:rt_memcpy	48	static
../rtos/src/kservice.c:293:7:rt_memmove	32	static
../rtos/src/kservice.c:324:12:rt_memcmp	40	static
../rtos/src/kservice.c:345:7:rt_strstr	24	static
../rtos/src/kservice.c:373:12:rt_strcasecmp	24	static
../rtos/src/kservice.c:401:7:rt_strncpy	32	static
../rtos/src/kservice.c:433:12:rt_strncmp	24	static
../rtos/src/kservice.c:456:12:rt_strcmp	16	static
../rtos/src/kservice.c:479:11:rt_strnlen	24	static
../rtos/src/kservice.c:498:11:rt_strlen	24	static
../rtos/src/kservice.c:517:7:rt_strdup	24	static
../rtos/src/kservice.c:538:6:rt_show_version	16	static
../rtos/src/kservice.c:571:15:divide	24	static
../rtos/src/kservice.c:591:15:skip_atoi	16	static
../rtos/src/kservice.c:609:14:print_number	64	static
../rtos/src/kservice.c:780:12:rt_vsnprintf	80	static
../rtos/src/kservice.c:1053:12:rt_snprintf	24	static
../rtos/src/kservice.c:1073:12:rt_vsprintf	24	static
../rtos/src/kservice.c:1085:12:rt_sprintf	28	static
../rtos/src/kservice.c:1106:13:rt_console_get_device	4	static
../rtos/src/kservice.c:1121:13:rt_console_set_device	24	static
../rtos/src/kservice.c:1152:14:rt_hw_console_output	16	static
../rtos/src/kservice.c:1163:6:rt_kputs	32	static
../rtos/src/kservice.c:1190:6:rt_kprintf	24	static
../rtos/src/kservice.c:1236:7:rt_malloc_align	32	static
../rtos/src/kservice.c:1282:6:rt_free_align	24	static
../rtos/src/kservice.c:1350:6:rt_assert_set_hook	16	static
../rtos/src/kservice.c:1362:6:rt_assert_handler	32	static
