E:/Program/STM32CubeIDE/clb_app/rtos/rtos/include/rtservice.h:47:16:rt_list_init	16	static
E:/Program/STM32CubeIDE/clb_app/rtos/rtos/include/rtservice.h:73:16:rt_list_insert_before	16	static
E:/Program/STM32CubeIDE/clb_app/rtos/rtos/include/rtservice.h:86:16:rt_list_remove	16	static
E:/Program/STM32CubeIDE/clb_app/rtos/rtos/include/rtservice.h:98:15:rt_list_isempty	16	static
../rtos/src/scheduler.c:68:1:rt_scheduler_sethook	16	static
../rtos/src/scheduler.c:77:13:_rt_scheduler_stack_check	24	static
../rtos/src/scheduler.c:153:26:_get_highest_priority_thread	24	static
../rtos/src/scheduler.c:182:6:rt_system_scheduler_init	16	static
../rtos/src/scheduler.c:237:6:rt_system_scheduler_start	24	static
../rtos/src/scheduler.c:409:6:rt_schedule	32	static
../rtos/src/scheduler.c:699:6:rt_schedule_insert_thread	24	static
../rtos/src/scheduler.c:796:6:rt_schedule_remove_thread	24	static
../rtos/src/scheduler.c:872:6:rt_enter_critical	16	static
../rtos/src/scheduler.c:936:6:rt_exit_critical	16	static
../rtos/src/scheduler.c:970:13:rt_critical_level	4	static
