E:/Program/STM32CubeIDE/clb_app/rtos/rtos/include/rtservice.h:47:16:rt_list_init	16	static
E:/Program/STM32CubeIDE/clb_app/rtos/rtos/include/rtservice.h:58:16:rt_list_insert_after	16	static
E:/Program/STM32CubeIDE/clb_app/rtos/rtos/include/rtservice.h:86:16:rt_list_remove	16	static
../rtos/src/thread.c:49:6:rt_thread_suspend_sethook	16	static
../rtos/src/thread.c:62:6:rt_thread_resume_sethook	16	static
../rtos/src/thread.c:73:6:rt_thread_inited_sethook	16	static
../rtos/src/thread.c:81:13:_thread_cleanup_execute	24	static
../rtos/src/thread.c:105:6:rt_thread_exit	24	static
../rtos/src/thread.c:143:17:_rt_thread_init	32	static
../rtos/src/thread.c:258:10:rt_thread_init	40	static
../rtos/src/thread.c:290:13:rt_thread_self	4	static
../rtos/src/thread.c:315:10:rt_thread_startup	16	static
../rtos/src/thread.c:358:10:rt_thread_detach	24	static
../rtos/src/thread.c:416:13:rt_thread_create	48	static
../rtos/src/thread.c:461:10:rt_thread_delete	24	static
../rtos/src/thread.c:508:10:rt_thread_yield	16	static
../rtos/src/thread.c:531:10:rt_thread_sleep	32	static
../rtos/src/thread.c:570:10:rt_thread_delay	16	static
../rtos/src/thread.c:584:10:rt_thread_delay_until	32	static
../rtos/src/thread.c:640:10:rt_thread_mdelay	24	static
../rtos/src/thread.c:663:10:rt_thread_control	32	static
../rtos/src/thread.c:766:10:rt_thread_suspend	24	static
../rtos/src/thread.c:815:10:rt_thread_resume	24	static
../rtos/src/thread.c:858:6:rt_thread_timeout	24	static
../rtos/src/thread.c:892:13:rt_thread_find	16	static
