E:/Program/STM32CubeIDE/clb_app/rtos/rtos/include/rtservice.h:47:16:rt_list_init	16	static
E:/Program/STM32CubeIDE/clb_app/rtos/rtos/include/rtservice.h:58:16:rt_list_insert_after	16	static
E:/Program/STM32CubeIDE/clb_app/rtos/rtos/include/rtservice.h:86:16:rt_list_remove	16	static
E:/Program/STM32CubeIDE/clb_app/rtos/rtos/include/rtservice.h:98:15:rt_list_isempty	16	static
../rtos/src/timer.c:67:6:rt_timer_enter_sethook	16	static
../rtos/src/timer.c:78:6:rt_timer_exit_sethook	16	static
../rtos/src/timer.c:86:13:_rt_timer_init	32	static
../rtos/src/timer.c:114:18:rt_timer_list_next_timeout	32	static
../rtos/src/timer.c:136:16:_rt_timer_remove	24	static
../rtos/src/timer.c:193:6:rt_timer_init	32	static
../rtos/src/timer.c:217:10:rt_timer_detach	24	static
../rtos/src/timer.c:254:12:rt_timer_create	40	static
../rtos/src/timer.c:282:10:rt_timer_delete	24	static
../rtos/src/timer.c:315:10:rt_timer_start	48	static
../rtos/src/timer.c:438:10:rt_timer_stop	24	static
../rtos/src/timer.c:474:10:rt_timer_control	32	static
../rtos/src/timer.c:529:6:rt_timer_check	32	static
../rtos/src/timer.c:601:11:rt_timer_next_timeout_tick	8	static
../rtos/src/timer.c:611:6:rt_soft_timer_check	32	static
../rtos/src/timer.c:684:13:rt_thread_timer_entry	24	static
../rtos/src/timer.c:724:6:rt_system_timer_init	16	static
../rtos/src/timer.c:739:6:rt_system_timer_thread_init	32	static
