E:/Program/STM32CubeIDE/clb_app/rtos/board/app/app_paras_save/app_paras_save.h:69:24:app_paras_get	4	static
../board/app/app_diagnosis/app_diagnosis.c:91:6:print_float	32	static
../board/app/app_diagnosis/app_diagnosis.c:114:13:app_diag_get_wts_buff	4	static
../board/app/app_diagnosis/app_diagnosis.c:125:19:app_diag_get_buff	4	static
../board/app/app_diagnosis/app_diagnosis.c:136:6:app_diag_raw_data_node_construct	40	static
../board/app/app_diagnosis/app_diagnosis.c:252:13:app_diag_raw_to_acc	32	static
../board/app/app_diagnosis/app_diagnosis.c:290:13:app_diag_wheel_tread	3648	static
../board/app/app_diagnosis/app_diagnosis.c:386:13:app_diag_motor_bearing	3656	static
../board/app/app_diagnosis/app_diagnosis.c:467:13:app_diag_wheel_bearing	3656	static
../board/app/app_diagnosis/app_diagnosis.c:535:13:app_diag_wheel_gear	3640	static
../board/app/app_diagnosis/app_diagnosis.c:599:13:app_diag_polygon	88	static
../board/app/app_diagnosis/app_diagnosis.c:678:6:diag_fill_temperature	120	static
../board/app/app_diagnosis/app_diagnosis.c:781:13:diag_fill_clx_zc	72	static
../board/app/app_diagnosis/app_diagnosis.c:815:13:diag_fill_dj	56	static
../board/app/app_diagnosis/app_diagnosis.c:850:13:diag_fill_zxzc	40	static
../board/app/app_diagnosis/app_diagnosis.c:908:13:diag_fill_cl	32	static
../board/app/app_diagnosis/app_diagnosis.c:938:13:diag_fill_dbx	24	static
../board/app/app_diagnosis/app_diagnosis.c:959:13:app_diag_result_save	56	static
../board/app/app_diagnosis/app_diagnosis.c:1019:6:app_diag_data_node_remove	16	static
../board/app/app_diagnosis/app_diagnosis.c:1034:13:app_diag_thread_entry	24	static
../board/app/app_diagnosis/app_diagnosis.c:1073:6:app_diag_thread	24	static
../board/app/app_diagnosis/app_diagnosis.c:1091:6:app_diag_init	24	static
