../api/drivers/spi/spi_msd.c:54:17:MSD_take_owner	24	static
../api/drivers/spi/spi_msd.c:76:18:rt_tick_timeout	32	static
../api/drivers/spi/spi_msd.c:108:16:crc7	24	static
../api/drivers/spi/spi_msd.c:139:17:_send_cmd	72	static
../api/drivers/spi/spi_msd.c:272:17:_wait_token	48	static
../api/drivers/spi/spi_msd.c:306:17:_wait_ready	48	static
../api/drivers/spi/spi_msd.c:339:17:_read_block	56	static
../api/drivers/spi/spi_msd.c:380:17:_write_block	72	static
../api/drivers/spi/spi_msd.c:462:17:rt_msd_init	232	static
../api/drivers/spi/spi_msd.c:1202:17:rt_msd_open	16	static
../api/drivers/spi/spi_msd.c:1208:17:rt_msd_close	16	static
../api/drivers/spi/spi_msd.c:1214:18:rt_msd_read	56	static
../api/drivers/spi/spi_msd.c:1290:18:rt_msd_sdhc_read	56	static
../api/drivers/spi/spi_msd.c:1366:18:rt_msd_write	96	static
../api/drivers/spi/spi_msd.c:1486:18:rt_msd_sdhc_write	96	static
../api/drivers/spi/spi_msd.c:1600:17:rt_msd_control	32	static
../api/drivers/spi/spi_msd.c:1621:10:msd_init	24	static
