E:/Program/STM32CubeIDE/clb_app/rtos/api/api/include/drivers/spi.h:257:21:rt_spi_recv	24	static
E:/Program/STM32CubeIDE/clb_app/rtos/api/api/include/drivers/spi.h:264:21:rt_spi_send	24	static
../api/drivers/spi/spi_flash_sfud.c:43:17:rt_sfud_control	64	static
../api/drivers/spi/spi_flash_sfud.c:88:18:rt_sfud_read	40	static
../api/drivers/spi/spi_flash_sfud.c:106:18:rt_sfud_write	40	static
../api/drivers/spi/spi_flash_sfud.c:127:17:spi_write_read	48	static
../api/drivers/spi/spi_flash_sfud.c:225:13:spi_lock	24	static
../api/drivers/spi/spi_flash_sfud.c:236:13:spi_unlock	24	static
../api/drivers/spi/spi_flash_sfud.c:247:13:retry_delay_100us	8	static
../api/drivers/spi/spi_flash_sfud.c:252:10:sfud_spi_port_init	24	static
../api/drivers/spi/spi_flash_sfud.c:298:23:rt_sfud_flash_probe_ex	40	static
../api/drivers/spi/spi_flash_sfud.c:426:23:rt_sfud_flash_probe	24	static
../api/drivers/spi/spi_flash_sfud.c:445:10:rt_sfud_flash_delete	24	static
../api/drivers/spi/spi_flash_sfud.c:463:14:rt_sfud_flash_find	32	static
../api/drivers/spi/spi_flash_sfud.c:488:14:rt_sfud_flash_find_by_dev_name	24	static
../api/drivers/spi/spi_flash_sfud.c:515:13:sf	120	static
