../net/lwip-2.1.2/src/netif/ethernetif.c:116:12:lwip_netdev_set_up	16	static
../net/lwip-2.1.2/src/netif/ethernetif.c:122:12:lwip_netdev_set_down	16	static
../net/lwip-2.1.2/src/netif/ethernetif.c:128:12:lwip_netdev_set_addr_info	24	static
../net/lwip-2.1.2/src/netif/ethernetif.c:156:12:lwip_netdev_set_dns_server	24	static
../net/lwip-2.1.2/src/netif/ethernetif.c:187:5:lwip_netdev_ping	128	static
../net/lwip-2.1.2/src/netif/ethernetif.c:260:6:lwip_netdev_netstat	16	static
../net/lwip-2.1.2/src/netif/ethernetif.c:275:12:lwip_netdev_set_default	16	static
../net/lwip-2.1.2/src/netif/ethernetif.c:314:12:netdev_add	32	static
../net/lwip-2.1.2/src/netif/ethernetif.c:355:13:netdev_del	24	static
../net/lwip-2.1.2/src/netif/ethernetif.c:369:12:netdev_flags_sync	24	static
../net/lwip-2.1.2/src/netif/ethernetif.c:388:14:ethernetif_linkoutput	32	static
../net/lwip-2.1.2/src/netif/ethernetif.c:419:14:eth_netif_device_init	24	static
../net/lwip-2.1.2/src/netif/ethernetif.c:498:10:eth_device_init_with_flag	64	static
../net/lwip-2.1.2/src/netif/ethernetif.c:572:6:eth_reset_ip	40	static
../net/lwip-2.1.2/src/netif/ethernetif.c:604:10:eth_device_init	24	static
../net/lwip-2.1.2/src/netif/ethernetif.c:616:6:eth_device_deinit	24	static
../net/lwip-2.1.2/src/netif/ethernetif.c:636:10:eth_device_ready	16	static
../net/lwip-2.1.2/src/netif/ethernetif.c:645:10:eth_device_linkchange	24	static
../net/lwip-2.1.2/src/netif/ethernetif.c:677:13:eth_tx_thread_entry	24	static
../net/lwip-2.1.2/src/netif/ethernetif.c:709:13:eth_rx_thread_entry	32	static
../net/lwip-2.1.2/src/netif/ethernetif.c:767:5:eth_system_device_init	4	static
../net/lwip-2.1.2/src/netif/ethernetif.c:772:5:eth_system_device_init_private	32	static
../net/lwip-2.1.2/src/netif/ethernetif.c:812:6:set_if	40	static
../net/lwip-2.1.2/src/netif/ethernetif.c:864:6:set_dns	24	static
../net/lwip-2.1.2/src/netif/ethernetif.c:876:6:list_if	24	static
../net/lwip-2.1.2/src/netif/ethernetif.c:954:6:list_tcps	72	static
../net/lwip-2.1.2/src/netif/ethernetif.c:1015:6:list_udps	64	static
