../api/drivers/spi/sfud/src/sfud.c:88:10:sfud_device_init	24	static
../api/drivers/spi/sfud/src/sfud.c:112:10:sfud_init	24	static
../api/drivers/spi/sfud/src/sfud.c:139:13:sfud_get_device	16	static
../api/drivers/spi/sfud/src/sfud.c:152:8:sfud_get_device_num	4	static
../api/drivers/spi/sfud/src/sfud.c:161:19:sfud_get_device_table	4	static
../api/drivers/spi/sfud/src/sfud.c:246:17:hardware_init	32	static
../api/drivers/spi/sfud/src/sfud.c:377:17:software_init	24	static
../api/drivers/spi/sfud/src/sfud.c:395:10:sfud_read	56	static
../api/drivers/spi/sfud/src/sfud.c:444:10:sfud_chip_erase	48	static
../api/drivers/spi/sfud/src/sfud.c:501:10:sfud_erase	64	static
../api/drivers/spi/sfud/src/sfud.c:602:17:page256_or_1_byte_write	56	static
../api/drivers/spi/sfud/src/sfud.c:691:17:aai_write	56	static
../api/drivers/spi/sfud/src/sfud.c:780:10:sfud_write	40	static
../api/drivers/spi/sfud/src/sfud.c:804:10:sfud_erase_write	32	static
../api/drivers/spi/sfud/src/sfud.c:816:17:reset	48	static
../api/drivers/spi/sfud/src/sfud.c:848:17:read_jedec_id	48	static
../api/drivers/spi/sfud/src/sfud.c:878:17:set_write_enabled	40	static
../api/drivers/spi/sfud/src/sfud.c:919:17:set_4_byte_address_mode	40	static
../api/drivers/spi/sfud/src/sfud.c:957:10:sfud_read_status	40	static
../api/drivers/spi/sfud/src/sfud.c:966:17:wait_busy	32	static
../api/drivers/spi/sfud/src/sfud.c:989:13:make_adress_byte_array	32	static
../api/drivers/spi/sfud/src/sfud.c:1011:10:sfud_write_status	48	static
