../fs/dfs/src/dfs_file.c:34:5:dfs_file_open	40	static
../fs/dfs/src/dfs_file.c:126:5:dfs_file_close	24	static
../fs/dfs/src/dfs_file.c:155:5:dfs_file_ioctl	32	static
../fs/dfs/src/dfs_file.c:196:5:dfs_file_read	32	static
../fs/dfs/src/dfs_file.c:221:5:dfs_file_getdents	24	static
../fs/dfs/src/dfs_file.c:240:5:dfs_file_unlink	40	static
../fs/dfs/src/dfs_file.c:295:5:dfs_file_write	24	static
../fs/dfs/src/dfs_file.c:313:5:dfs_file_flush	16	static
../fs/dfs/src/dfs_file.c:332:5:dfs_file_lseek	24	static
../fs/dfs/src/dfs_file.c:359:5:dfs_file_stat	40	static
../fs/dfs/src/dfs_file.c:427:5:dfs_file_rename	48	static
../fs/dfs/src/dfs_file.c:493:5:dfs_file_ftruncate	24	static
../fs/dfs/src/dfs_file.c:518:6:ls	120	static
../fs/dfs/src/dfs_file.c:588:6:rm	16	static
../fs/dfs/src/dfs_file.c:597:6:cat	104	static
../fs/dfs/src/dfs_file.c:625:13:copyfile	64	static
../fs/dfs/src/dfs_file.c:680:13:copydir	416	static
../fs/dfs/src/dfs_file.c:743:20:_get_path_lastname	24	static
../fs/dfs/src/dfs_file.c:752:6:copy	120	static
