d:\st\stm32cubeide_1.12.1\stm32cubeide\plugins\com.st.stm32cube.ide.mcu.externaltools.gnu-tools-for-stm32.10.3-2021.10.win32_1.0.200.202301161003\tools\arm-none-eabi\include\sys\_default_fcntl.h:213:12:open	36	static
../fs/dfs/src/dfs_posix.c:73:5:close	24	static
../fs/dfs/src/dfs_posix.c:116:5:read	32	static
../fs/dfs/src/dfs_posix.c:160:5:write	32	static
../fs/dfs/src/dfs_posix.c:201:7:lseek	32	static
d:\st\stm32cubeide_1.12.1\stm32cubeide\plugins\com.st.stm32cube.ide.mcu.externaltools.gnu-tools-for-stm32.10.3-2021.10.win32_1.0.200.202301161003\tools\arm-none-eabi\include\stdio.h:247:5:rename	24	static
../fs/dfs/src/dfs_posix.c:292:5:unlink	24	static
d:\st\stm32cubeide_1.12.1\stm32cubeide\plugins\com.st.stm32cube.ide.mcu.externaltools.gnu-tools-for-stm32.10.3-2021.10.win32_1.0.200.202301161003\tools\arm-none-eabi\include\sys\stat.h:142:5:stat	24	static
d:\st\stm32cubeide_1.12.1\stm32cubeide\plugins\com.st.stm32cube.ide.mcu.externaltools.gnu-tools-for-stm32.10.3-2021.10.win32_1.0.200.202301161003\tools\arm-none-eabi\include\sys\stat.h:139:5:fstat	24	static
../fs/dfs/src/dfs_posix.c:385:5:fsync	24	static
d:\st\stm32cubeide_1.12.1\stm32cubeide\plugins\com.st.stm32cube.ide.mcu.externaltools.gnu-tools-for-stm32.10.3-2021.10.win32_1.0.200.202301161003\tools\arm-none-eabi\include\sys\_default_fcntl.h:218:12:fcntl	36	static
../fs/dfs/src/dfs_posix.c:460:5:ioctl	28	static
../fs/dfs/src/dfs_posix.c:484:5:ftruncate	24	static
../fs/dfs/src/dfs_posix.c:529:5:statfs	24	static
d:\st\stm32cubeide_1.12.1\stm32cubeide\plugins\com.st.stm32cube.ide.mcu.externaltools.gnu-tools-for-stm32.10.3-2021.10.win32_1.0.200.202301161003\tools\arm-none-eabi\include\sys\stat.h:140:5:mkdir	32	static
../fs/dfs/src/dfs_posix.c:600:5:rmdir	24	static
../fs/dfs/src/dfs_posix.c:623:6:opendir	32	static
../fs/dfs/src/dfs_posix.c:680:16:readdir	32	static
../fs/dfs/src/dfs_posix.c:731:6:telldir	24	static
../fs/dfs/src/dfs_posix.c:758:6:seekdir	24	static
../fs/dfs/src/dfs_posix.c:783:6:rewinddir	24	static
../fs/dfs/src/dfs_posix.c:810:5:closedir	24	static
../fs/dfs/src/dfs_posix.c:849:5:chdir	24	static
../fs/dfs/src/dfs_posix.c:917:5:access	104	static
../fs/dfs/src/dfs_posix.c:936:7:getcwd	16	static
