../board/app/app_data_save/app_data_save.c:47:10:save_sum_check_u16	24	static
../board/app/app_data_save/app_data_save.c:64:18:info_link_create	16	static
../board/app/app_data_save/app_data_save.c:82:25:get_info_link_head	4	static
../board/app/app_data_save/app_data_save.c:92:6:info_link_insert_of_end	24	static
../board/app/app_data_save/app_data_save.c:185:6:app_data_save_temp	16	static
../board/app/app_data_save/app_data_save.c:199:6:app_save_get_public_buf	16	static
../board/app/app_data_save/app_data_save.c:210:6:app_save_public_info	16	static
../board/app/app_data_save/app_data_save.c:225:13:sd_data_delete	144	static
../board/app/app_data_save/app_data_save.c:262:6:get_current_time	40	static
../board/app/app_data_save/app_data_save.c:284:25:file_linke_create	16	static
../board/app/app_data_save/app_data_save.c:307:6:file_list_insert_of_end	24	static
../board/app/app_data_save/app_data_save.c:335:15:creat_file	24	static
../board/app/app_data_save/app_data_save.c:383:13:save_data_fill_head	16	static
../board/app/app_data_save/app_data_save.c:433:7:app_create_save_file	48	static
../board/app/app_data_save/app_data_save.c:461:6:add_file_to_link	24	static
../board/app/app_data_save/app_data_save.c:493:13:data_save_thread_entry	200	static
../board/app/app_data_save/app_data_save.c:617:6:app_data_save_thread_create	16	static
../board/app/app_data_save/app_data_save.c:637:6:app_data_save_thread_init	8	static
../board/app/app_data_save/app_data_save.c:655:22:app_data_save_get_sem	4	static
../board/app/app_data_save/app_data_save.c:666:18:app_data_save_file_head_get	4	static
