E:/Program/STM32CubeIDE/clb_app/rtos/board/app/app_paras_save/app_paras_save.h:69:24:app_paras_get	4	static
../board/app/app_cominform_config/app_cominform_config.c:97:12:parse_prod_fixed	24	static
../board/app/app_cominform_config/app_cominform_config.c:126:12:write_prod_fixed	32	static
../board/app/app_cominform_config/app_cominform_config.c:160:13:display_prod_fixed	16	static
../board/app/app_cominform_config/app_cominform_config.c:174:13:parse_dev_para	24	static
../board/app/app_cominform_config/app_cominform_config.c:227:12:write_dev_para	32	static
../board/app/app_cominform_config/app_cominform_config.c:287:13:display_dev_para	16	static
../board/app/app_cominform_config/app_cominform_config.c:307:5:read_system_ini	16	static
../board/app/app_cominform_config/app_cominform_config.c:360:5:write_system_ini	104	static
../board/app/app_cominform_config/app_cominform_config.c:410:12:write_default_sys_para	136	static
../board/app/app_cominform_config/app_cominform_config.c:440:9:update_sys_para	16	static
../board/app/app_cominform_config/app_cominform_config.c:453:9:save_sys_para	16	static
../board/app/app_cominform_config/app_cominform_config.c:468:12:parse_communi_para	24	static
../board/app/app_cominform_config/app_cominform_config.c:501:12:write_communi_para	32	static
../board/app/app_cominform_config/app_cominform_config.c:537:13:display_comm_para	16	static
../board/app/app_cominform_config/app_cominform_config.c:553:5:read_communication_ini	40	static
../board/app/app_cominform_config/app_cominform_config.c:600:5:write_communi_ini	40	static
../board/app/app_cominform_config/app_cominform_config.c:635:12:write_default_comm_para	64	static
../board/app/app_cominform_config/app_cominform_config.c:655:12:parse_coll_para	16	static
../board/app/app_cominform_config/app_cominform_config.c:680:5:read_algo_config_ini	40	static
../board/app/app_cominform_config/app_cominform_config.c:727:5:config_ini_file_init	8	static
../board/app/app_cominform_config/app_cominform_config.c:750:13:config	304	static
../board/app/app_cominform_config/app_cominform_config.c:971:13:train_config	104	static
