../board/app/app_multicast_thread/app_multicast_thread.c:29:13:print_current_time	48	static
../board/app/app_multicast_thread/app_multicast_thread.c:46:6:app_multicast_send	24	static
../board/app/app_multicast_thread/app_multicast_thread.c:65:13:multicast_send_thread_entry	24	static
../board/app/app_multicast_thread/app_multicast_thread.c:99:13:app_multicast_send_thread_create	16	static
../board/app/app_multicast_thread/app_multicast_thread.c:119:13:app_multicast_send_thread_init	8	static
../board/app/app_multicast_thread/app_multicast_thread.c:130:13:multicast_recv_thread_entry	64	static
../board/app/app_multicast_thread/app_multicast_thread.c:202:13:app_multicast_recv_thread_create	16	static
../board/app/app_multicast_thread/app_multicast_thread.c:220:13:app_multicast_recv_thread_init	8	static
../board/app/app_multicast_thread/app_multicast_thread.c:236:6:app_multicast_thread_create	8	static
../board/app/app_multicast_thread/app_multicast_thread.c:248:6:app_multicast_thread_init	8	static
