E:/Program/STM32CubeIDE/clb_app/rtos/rtos/include/rtservice.h:98:15:rt_list_isempty	16	static
E:/Program/STM32CubeIDE/clb_app/rtos/rtos/include/rtservice.h:107:24:rt_list_len	24	static
../usr/finsh/cmd.c:44:6:hello	8	static
../usr/finsh/cmd.c:52:13:clear	8	static
../usr/finsh/cmd.c:62:6:version	8	static
../usr/finsh/cmd.c:71:16:object_split	16	static
../usr/finsh/cmd.c:85:13:list_find_init	32	static
../usr/finsh/cmd.c:100:19:list_get_next	48	static
../usr/finsh/cmd.c:165:6:list_thread	240	static
../usr/finsh/cmd.c:262:13:show_wait_queue	24	static
../usr/finsh/cmd.c:278:6:list_sem	104	static
../usr/finsh/cmd.c:345:6:list_event	104	static
../usr/finsh/cmd.c:410:6:list_mutex	120	static
../usr/finsh/cmd.c:468:6:list_mailbox	120	static
../usr/finsh/cmd.c:539:6:list_msgqueue	104	static
../usr/finsh/cmd.c:606:6:list_memheap	104	static
../usr/finsh/cmd.c:742:6:list_timer	96	static
../usr/finsh/cmd.c:828:6:list_device	96	static
../usr/finsh/cmd.c:884:6:list	16	static
