../usr/finsh/finsh_parser.c:77:27:proc_variable_decl	72	static
../usr/finsh/finsh_parser.c:254:24:proc_type	24	static
../usr/finsh/finsh_parser.c:378:12:proc_identifier	24	static
../usr/finsh/finsh_parser.c:393:27:proc_expr_statement	24	static
../usr/finsh/finsh_parser.c:414:27:proc_expr	16	static
../usr/finsh/finsh_parser.c:423:27:proc_assign_expr	32	static
../usr/finsh/finsh_parser.c:448:27:proc_inclusive_or_expr	32	static
../usr/finsh/finsh_parser.c:475:27:proc_exclusive_or_expr	32	static
../usr/finsh/finsh_parser.c:500:27:proc_and_expr	32	static
../usr/finsh/finsh_parser.c:528:27:proc_shift_expr	32	static
../usr/finsh/finsh_parser.c:568:27:proc_additive_expr	32	static
../usr/finsh/finsh_parser.c:609:27:proc_multiplicative_expr	32	static
../usr/finsh/finsh_parser.c:656:27:proc_cast_expr	24	static
../usr/finsh/finsh_parser.c:691:27:proc_unary_expr	24	static
../usr/finsh/finsh_parser.c:739:27:proc_postfix_expr	32	static
../usr/finsh/finsh_parser.c:795:27:proc_primary_expr	48	static
../usr/finsh/finsh_parser.c:845:27:proc_param_list	32	static
../usr/finsh/finsh_parser.c:878:27:make_sys_node	32	static
../usr/finsh/finsh_parser.c:897:6:finsh_parser_run	24	static
../usr/finsh/finsh_parser.c:981:5:finsh_parser_init	16	static
