../usr/finsh/finsh_ops.c:29:6:OP_no_op	4	static
../usr/finsh/finsh_ops.c:36:6:OP_add_byte	4	static
../usr/finsh/finsh_ops.c:43:6:OP_add_word	4	static
../usr/finsh/finsh_ops.c:50:6:OP_add_dword	4	static
../usr/finsh/finsh_ops.c:58:6:OP_sub_byte	4	static
../usr/finsh/finsh_ops.c:65:6:OP_sub_word	4	static
../usr/finsh/finsh_ops.c:72:6:OP_sub_dword	4	static
../usr/finsh/finsh_ops.c:80:6:OP_div_byte	4	static
../usr/finsh/finsh_ops.c:87:6:OP_div_word	4	static
../usr/finsh/finsh_ops.c:94:6:OP_div_dword	4	static
../usr/finsh/finsh_ops.c:102:6:OP_mod_byte	4	static
../usr/finsh/finsh_ops.c:109:6:OP_mod_word	4	static
../usr/finsh/finsh_ops.c:116:6:OP_mod_dword	4	static
../usr/finsh/finsh_ops.c:124:6:OP_mul_byte	4	static
../usr/finsh/finsh_ops.c:131:6:OP_mul_word	4	static
../usr/finsh/finsh_ops.c:138:6:OP_mul_dword	4	static
../usr/finsh/finsh_ops.c:146:6:OP_and_byte	4	static
../usr/finsh/finsh_ops.c:153:6:OP_and_word	4	static
../usr/finsh/finsh_ops.c:160:6:OP_and_dword	4	static
../usr/finsh/finsh_ops.c:168:6:OP_or_byte	4	static
../usr/finsh/finsh_ops.c:175:6:OP_or_word	4	static
../usr/finsh/finsh_ops.c:182:6:OP_or_dword	4	static
../usr/finsh/finsh_ops.c:190:6:OP_xor_byte	4	static
../usr/finsh/finsh_ops.c:197:6:OP_xor_word	4	static
../usr/finsh/finsh_ops.c:204:6:OP_xor_dword	4	static
../usr/finsh/finsh_ops.c:212:6:OP_bw_byte	4	static
../usr/finsh/finsh_ops.c:219:6:OP_bw_word	4	static
../usr/finsh/finsh_ops.c:226:6:OP_bw_dword	4	static
../usr/finsh/finsh_ops.c:234:6:OP_shl_byte	4	static
../usr/finsh/finsh_ops.c:241:6:OP_shl_word	4	static
../usr/finsh/finsh_ops.c:248:6:OP_shl_dword	4	static
../usr/finsh/finsh_ops.c:256:6:OP_shr_byte	4	static
../usr/finsh/finsh_ops.c:263:6:OP_shr_word	4	static
../usr/finsh/finsh_ops.c:270:6:OP_shr_dword	4	static
../usr/finsh/finsh_ops.c:278:6:OP_ld_byte	4	static
../usr/finsh/finsh_ops.c:288:6:OP_ld_word	4	static
../usr/finsh/finsh_ops.c:298:6:OP_ld_dword	4	static
../usr/finsh/finsh_ops.c:308:6:OP_ld_value_byte	16	static
../usr/finsh/finsh_ops.c:322:6:OP_ld_value_byte_stack	16	static
../usr/finsh/finsh_ops.c:332:6:OP_ld_value_word	16	static
../usr/finsh/finsh_ops.c:346:6:OP_ld_value_word_stack	16	static
../usr/finsh/finsh_ops.c:356:6:OP_ld_value_dword	16	static
../usr/finsh/finsh_ops.c:370:6:OP_ld_value_dword_stack	16	static
../usr/finsh/finsh_ops.c:385:6:OP_st_byte	4	static
../usr/finsh/finsh_ops.c:397:6:OP_st_word	4	static
../usr/finsh/finsh_ops.c:409:6:OP_st_dword	4	static
../usr/finsh/finsh_ops.c:418:6:OP_pop	4	static
../usr/finsh/finsh_ops.c:425:6:OP_call	192	static
