../bsp/stm32/drivers/drv_eth.c:84:17:rt_stm32_eth_init	32	static
../bsp/stm32/drivers/drv_eth.c:140:17:rt_stm32_eth_open	16	static
../bsp/stm32/drivers/drv_eth.c:146:17:rt_stm32_eth_close	16	static
../bsp/stm32/drivers/drv_eth.c:152:18:rt_stm32_eth_read	24	static
../bsp/stm32/drivers/drv_eth.c:159:18:rt_stm32_eth_write	24	static
../bsp/stm32/drivers/drv_eth.c:166:17:rt_stm32_eth_control	24	static
../bsp/stm32/drivers/drv_eth.c:185:10:rt_stm32_eth_tx	56	static
../bsp/stm32/drivers/drv_eth.c:281:14:rt_stm32_eth_rx	56	static
../bsp/stm32/drivers/drv_eth.c:374:6:ETH_IRQHandler	8	static
../bsp/stm32/drivers/drv_eth.c:385:6:HAL_ETH_RxCpltCallback	24	static
../bsp/stm32/drivers/drv_eth.c:393:6:HAL_ETH_ErrorCallback	16	static
../bsp/stm32/drivers/drv_eth.c:404:13:phy_linkchange	24	static
../bsp/stm32/drivers/drv_eth.c:484:13:phy_monitor_thread_entry	40	static
../bsp/stm32/drivers/drv_eth.c:545:12:rt_hw_stm32_eth_init	24	static
