../bsp/stm32/drivers/drv_gpio.c:146:18:stm32_pin_get	40	static
../bsp/stm32/drivers/drv_gpio.c:183:13:stm32_pin_write	32	static
../bsp/stm32/drivers/drv_gpio.c:197:12:stm32_pin_read	32	static
../bsp/stm32/drivers/drv_gpio.c:213:13:stm32_pin_mode	48	static
../bsp/stm32/drivers/drv_gpio.c:262:22:bit2bitno	24	static
../bsp/stm32/drivers/drv_gpio.c:275:37:get_pin_irq_map	24	static
../bsp/stm32/drivers/drv_gpio.c:285:17:stm32_pin_attach_irq	32	static
../bsp/stm32/drivers/drv_gpio.c:325:17:stm32_pin_dettach_irq	24	static
../bsp/stm32/drivers/drv_gpio.c:356:17:stm32_pin_irq_enable	56	static
../bsp/stm32/drivers/drv_gpio.c:493:16:pin_irq_hdr	16	static
../bsp/stm32/drivers/drv_gpio.c:512:6:HAL_GPIO_EXTI_Callback	16	static
../bsp/stm32/drivers/drv_gpio.c:667:6:EXTI0_IRQHandler	8	static
../bsp/stm32/drivers/drv_gpio.c:674:6:EXTI1_IRQHandler	8	static
../bsp/stm32/drivers/drv_gpio.c:681:6:EXTI2_IRQHandler	8	static
../bsp/stm32/drivers/drv_gpio.c:688:6:EXTI3_IRQHandler	8	static
../bsp/stm32/drivers/drv_gpio.c:695:6:EXTI4_IRQHandler	8	static
../bsp/stm32/drivers/drv_gpio.c:702:6:EXTI9_5_IRQHandler	8	static
../bsp/stm32/drivers/drv_gpio.c:713:6:EXTI15_10_IRQHandler	8	static
../bsp/stm32/drivers/drv_gpio.c:726:5:rt_hw_pin_init	48	static
