../Drivers/CMSIS/Include/core_cm4.h:1816:22:__NVIC_SetPriority	16	static
../bsp/stm32/drivers/drv_common.c:23:13:reboot	16	static
../bsp/stm32/drivers/drv_common.c:31:6:rt_hw_systick_init	8	static
../bsp/stm32/drivers/drv_common.c:50:6:SysTick_Handler	8	static
../bsp/stm32/drivers/drv_common.c:62:10:HAL_GetTick	8	static
../bsp/stm32/drivers/drv_common.c:67:6:HAL_SuspendTick	4	static
../bsp/stm32/drivers/drv_common.c:71:6:HAL_ResumeTick	4	static
../bsp/stm32/drivers/drv_common.c:75:6:HAL_Delay	24	static
../bsp/stm32/drivers/drv_common.c:91:19:HAL_InitTick	16	static
../bsp/stm32/drivers/drv_common.c:102:6:_Error_Handler	16	static
../bsp/stm32/drivers/drv_common.c:117:6:rt_hw_us_delay	40	static
../bsp/stm32/drivers/drv_common.c:134:14:rt_hw_board_init	16	static,ignoring_inline_asm
