../rtos/libcpu/arm/cortex-m4/cpuport.c:140:13:rt_hw_stack_init	40	static
../rtos/libcpu/arm/cortex-m4/cpuport.c:183:6:rt_hw_exception_install	16	static
../rtos/libcpu/arm/cortex-m4/cpuport.c:200:13:usage_fault_track	8	static
../rtos/libcpu/arm/cortex-m4/cpuport.c:244:13:bus_fault_track	8	static
../rtos/libcpu/arm/cortex-m4/cpuport.c:289:13:mem_manage_fault_track	8	static
../rtos/libcpu/arm/cortex-m4/cpuport.c:329:13:hard_fault_track	8	static
../rtos/libcpu/arm/cortex-m4/cpuport.c:371:6:rt_hw_hard_fault_exception	32	static
../rtos/libcpu/arm/cortex-m4/cpuport.c:431:14:rt_hw_cpu_shutdown	8	static
../rtos/libcpu/arm/cortex-m4/cpuport.c:441:14:rt_hw_cpu_reset	4	static
../rtos/libcpu/arm/cortex-m4/cpuport.c:500:5:__rt_ffs	16	static
