E:/Program/STM32CubeIDE/clb_app/rtos/api/api/include/drivers/mmcsd_host.h:110:16:mmcsd_delay_ms	16	static
E:/Program/STM32CubeIDE/clb_app/rtos/api/api/include/drivers/mmcsd_core.h:174:23:__rt_fls	24	static
../api/drivers/sdio/mmcsd_core.c:46:6:mmcsd_host_lock	16	static
../api/drivers/sdio/mmcsd_core.c:51:6:mmcsd_host_unlock	16	static
../api/drivers/sdio/mmcsd_core.c:56:6:mmcsd_req_complete	16	static
../api/drivers/sdio/mmcsd_core.c:61:6:mmcsd_send_request	16	static
../api/drivers/sdio/mmcsd_core.c:88:12:mmcsd_send_cmd	40	static
../api/drivers/sdio/mmcsd_core.c:106:12:mmcsd_go_idle	64	static
../api/drivers/sdio/mmcsd_core.c:136:12:mmcsd_spi_read_ocr	72	static
../api/drivers/sdio/mmcsd_core.c:156:12:mmcsd_all_get_cid	64	static
../api/drivers/sdio/mmcsd_core.c:176:12:mmcsd_get_cid	128	static
../api/drivers/sdio/mmcsd_core.c:254:12:mmcsd_get_csd	128	static
../api/drivers/sdio/mmcsd_core.c:331:19:_mmcsd_select_card	64	static
../api/drivers/sdio/mmcsd_core.c:359:12:mmcsd_select_card	16	static
../api/drivers/sdio/mmcsd_core.c:364:12:mmcsd_deselect_cards	16	static
../api/drivers/sdio/mmcsd_core.c:369:12:mmcsd_spi_use_crc	64	static
../api/drivers/sdio/mmcsd_core.c:387:16:mmcsd_set_iocfg	24	static
../api/drivers/sdio/mmcsd_core.c:403:6:mmcsd_set_chip_select	16	static
../api/drivers/sdio/mmcsd_core.c:413:6:mmcsd_set_clock	16	static
../api/drivers/sdio/mmcsd_core.c:427:6:mmcsd_set_bus_mode	16	static
../api/drivers/sdio/mmcsd_core.c:436:6:mmcsd_set_bus_width	16	static
../api/drivers/sdio/mmcsd_core.c:442:6:mmcsd_set_data_timeout	32	static
../api/drivers/sdio/mmcsd_core.c:519:13:mmcsd_select_voltage	24	static
../api/drivers/sdio/mmcsd_core.c:545:13:mmcsd_power_up	24	static
../api/drivers/sdio/mmcsd_core.c:581:13:mmcsd_power_off	16	static
../api/drivers/sdio/mmcsd_core.c:595:5:mmcsd_wait_cd_changed	24	static
../api/drivers/sdio/mmcsd_core.c:613:6:mmcsd_change	16	static
../api/drivers/sdio/mmcsd_core.c:618:6:mmcsd_detect	32	static
../api/drivers/sdio/mmcsd_core.c:694:23:mmcsd_alloc_host	16	static
../api/drivers/sdio/mmcsd_core.c:719:6:mmcsd_free_host	16	static
../api/drivers/sdio/mmcsd_core.c:726:5:rt_mmcsd_core_init	32	static
