E:/Program/STM32CubeIDE/clb_app/rtos/rtos/include/rtservice.h:58:16:rt_list_insert_after	16	static
E:/Program/STM32CubeIDE/clb_app/rtos/rtos/include/rtservice.h:86:16:rt_list_remove	16	static
E:/Program/STM32CubeIDE/clb_app/rtos/rtos/include/rtservice.h:98:15:rt_list_isempty	16	static
E:/Program/STM32CubeIDE/clb_app/rtos/api/api/include/drivers/mmcsd_host.h:110:16:mmcsd_delay_ms	16	static
../api/drivers/sdio/sdio.c:61:12:sdio_io_send_op_cond	80	static
../api/drivers/sdio/sdio.c:115:12:sdio_io_rw_direct	72	static
../api/drivers/sdio/sdio.c:167:12:sdio_io_rw_extended	120	static
../api/drivers/sdio/sdio.c:234:23:sdio_max_block_size	24	static
../api/drivers/sdio/sdio.c:243:12:sdio_io_rw_extended_block	56	static
../api/drivers/sdio/sdio.c:300:12:sdio_io_readb	40	static
../api/drivers/sdio/sdio.c:317:12:sdio_io_writeb	32	static
../api/drivers/sdio/sdio.c:324:13:sdio_io_readw	40	static
../api/drivers/sdio/sdio.c:344:12:sdio_io_writew	40	static
../api/drivers/sdio/sdio.c:353:13:sdio_io_readl	40	static
../api/drivers/sdio/sdio.c:373:12:sdio_io_writel	40	static
../api/drivers/sdio/sdio.c:382:12:sdio_io_read_multi_fifo_b	32	static
../api/drivers/sdio/sdio.c:390:12:sdio_io_write_multi_fifo_b	32	static
../api/drivers/sdio/sdio.c:398:12:sdio_io_read_multi_incr_b	32	static
../api/drivers/sdio/sdio.c:406:12:sdio_io_write_multi_incr_b	32	static
../api/drivers/sdio/sdio.c:414:19:sdio_read_cccr	32	static
../api/drivers/sdio/sdio.c:474:19:cistpl_funce_func0	24	static
../api/drivers/sdio/sdio.c:491:19:cistpl_funce_func	32	static
../api/drivers/sdio/sdio.c:516:19:sdio_read_cis	64	static
../api/drivers/sdio/sdio.c:640:6:sdio_free_cis	32	static
../api/drivers/sdio/sdio.c:657:19:sdio_read_fbr	32	static
../api/drivers/sdio/sdio.c:684:19:sdio_initialize_function	24	static
../api/drivers/sdio/sdio.c:734:19:sdio_set_highspeed	24	static
../api/drivers/sdio/sdio.c:760:19:sdio_set_bus_wide	24	static
../api/drivers/sdio/sdio.c:786:19:sdio_register_card	32	static
../api/drivers/sdio/sdio.c:820:19:sdio_init_card	40	static
../api/drivers/sdio/sdio.c:957:12:init_sdio	24	static
../api/drivers/sdio/sdio.c:1000:13:sdio_irq_thread	40	static
../api/drivers/sdio/sdio.c:1055:19:sdio_irq_thread_create	32	static
../api/drivers/sdio/sdio.c:1077:19:sdio_irq_thread_delete	24	static
../api/drivers/sdio/sdio.c:1097:12:sdio_attach_irq	32	static
../api/drivers/sdio/sdio.c:1139:12:sdio_detach_irq	32	static
../api/drivers/sdio/sdio.c:1175:6:sdio_irq_wakeup	16	static
../api/drivers/sdio/sdio.c:1183:12:sdio_enable_func	32	static
../api/drivers/sdio/sdio.c:1230:12:sdio_disable_func	32	static
../api/drivers/sdio/sdio.c:1262:6:sdio_set_drvdata	16	static
../api/drivers/sdio/sdio.c:1267:7:sdio_get_drvdata	16	static
../api/drivers/sdio/sdio.c:1272:12:sdio_set_block_size	24	static
../api/drivers/sdio/sdio.c:1300:22:sdio_match_card	24	static
../api/drivers/sdio/sdio.c:1321:30:sdio_match_driver	32	static
../api/drivers/sdio/sdio.c:1341:12:sdio_register_driver	24	static
../api/drivers/sdio/sdio.c:1369:12:sdio_unregister_driver	32	static
../api/drivers/sdio/sdio.c:1404:6:rt_sdio_init	4	static
