../net/lwip-2.1.2/src/core/dns.c:317:1:dns_init	4	static
../net/lwip-2.1.2/src/core/dns.c:363:1:dns_setserver	24	static
../net/lwip-2.1.2/src/core/dns.c:395:1:dns_getserver	16	static
../net/lwip-2.1.2/src/core/dns.c:409:1:dns_tmr	8	static
../net/lwip-2.1.2/src/core/dns.c:616:1:dns_lookup	24	static
../net/lwip-2.1.2/src/core/dns.c:665:1:dns_compare_name	40	static
../net/lwip-2.1.2/src/core/dns.c:722:1:dns_skip_name	24	static
../net/lwip-2.1.2/src/core/dns.c:762:1:dns_send	72	static
../net/lwip-2.1.2/src/core/dns.c:880:1:dns_alloc_random_port	24	static
../net/lwip-2.1.2/src/core/dns.c:914:1:dns_alloc_pcb	24	static
../net/lwip-2.1.2/src/core/dns.c:956:1:dns_call_found	32	static
../net/lwip-2.1.2/src/core/dns.c:1014:1:dns_create_txid	16	static
../net/lwip-2.1.2/src/core/dns.c:1038:1:dns_backupserver_available	24	static
../net/lwip-2.1.2/src/core/dns.c:1061:1:dns_check_entry	24	static
../net/lwip-2.1.2/src/core/dns.c:1138:1:dns_check_entries	16	static
../net/lwip-2.1.2/src/core/dns.c:1151:1:dns_correct_response	24	static
../net/lwip-2.1.2/src/core/dns.c:1184:1:dns_recv	80	static
../net/lwip-2.1.2/src/core/dns.c:1389:1:dns_enqueue	48	static
../net/lwip-2.1.2/src/core/dns.c:1540:1:dns_gethostbyname	32	static
../net/lwip-2.1.2/src/core/dns.c:1561:1:dns_gethostbyname_addrtype	32	static
