../net/lwip-2.1.2/src/api/api_lib.c:120:1:netconn_apimsg	24	static
../net/lwip-2.1.2/src/api/api_lib.c:151:1:netconn_new_with_proto_and_callback	64	static
../net/lwip-2.1.2/src/api/api_lib.c:194:1:netconn_prepare_delete	56	static
../net/lwip-2.1.2/src/api/api_lib.c:235:1:netconn_delete	24	static
../net/lwip-2.1.2/src/api/api_lib.c:271:1:netconn_getaddr	64	static
../net/lwip-2.1.2/src/api/api_lib.c:309:1:netconn_bind	64	static
../net/lwip-2.1.2/src/api/api_lib.c:353:1:netconn_bind_if	56	static
../net/lwip-2.1.2/src/api/api_lib.c:379:1:netconn_connect	64	static
../net/lwip-2.1.2/src/api/api_lib.c:411:1:netconn_disconnect	56	static
../net/lwip-2.1.2/src/api/api_lib.c:436:1:netconn_listen_with_backlog	56	static
../net/lwip-2.1.2/src/api/api_lib.c:473:1:netconn_accept	32	static
../net/lwip-2.1.2/src/api/api_lib.c:581:1:netconn_recv_data	40	static
../net/lwip-2.1.2/src/api/api_lib.c:679:1:netconn_tcp_recvd_msg	24	static
../net/lwip-2.1.2/src/api/api_lib.c:691:1:netconn_tcp_recvd	56	static
../net/lwip-2.1.2/src/api/api_lib.c:705:1:netconn_recv_data_tcp	72	static
../net/lwip-2.1.2/src/api/api_lib.c:784:1:netconn_recv_tcp_pbuf	16	static
../net/lwip-2.1.2/src/api/api_lib.c:805:1:netconn_recv_tcp_pbuf_flags	24	static
../net/lwip-2.1.2/src/api/api_lib.c:824:1:netconn_recv_udp_raw_netbuf	16	static
../net/lwip-2.1.2/src/api/api_lib.c:844:1:netconn_recv_udp_raw_netbuf_flags	24	static
../net/lwip-2.1.2/src/api/api_lib.c:862:1:netconn_recv	32	static
../net/lwip-2.1.2/src/api/api_lib.c:924:1:netconn_sendto	24	static
../net/lwip-2.1.2/src/api/api_lib.c:943:1:netconn_send	56	static
../net/lwip-2.1.2/src/api/api_lib.c:976:1:netconn_write_partly	40	static
../net/lwip-2.1.2/src/api/api_lib.c:999:1:netconn_write_vectors_partly	80	static
../net/lwip-2.1.2/src/api/api_lib.c:1091:1:netconn_close_shutdown	56	static
../net/lwip-2.1.2/src/api/api_lib.c:1127:1:netconn_close	16	static
../net/lwip-2.1.2/src/api/api_lib.c:1141:1:netconn_err	24	static
../net/lwip-2.1.2/src/api/api_lib.c:1165:1:netconn_shutdown	16	static
../net/lwip-2.1.2/src/api/api_lib.c:1183:1:netconn_join_leave_group	64	static
../net/lwip-2.1.2/src/api/api_lib.c:1225:1:netconn_join_leave_group_netif	64	static
../net/lwip-2.1.2/src/api/api_lib.c:1276:1:netconn_gethostbyname	48	static
