../net/lwip-2.1.2/src/api/sockets.c:323:1:lwip_socket_thread_init	4	static
../net/lwip-2.1.2/src/api/sockets.c:330:1:lwip_socket_thread_cleanup	4	static
../net/lwip-2.1.2/src/api/sockets.c:414:1:tryget_socket_unconn_nouse	24	static
../net/lwip-2.1.2/src/api/sockets.c:425:1:lwip_socket_dbg_get_socket	16	static
../net/lwip-2.1.2/src/api/sockets.c:432:1:tryget_socket_unconn	24	static
../net/lwip-2.1.2/src/api/sockets.c:445:1:tryget_socket_unconn_locked	24	static
../net/lwip-2.1.2/src/api/sockets.c:463:1:tryget_socket	24	static
../net/lwip-2.1.2/src/api/sockets.c:482:1:lwip_tryget_socket	24	static
../net/lwip-2.1.2/src/api/sockets.c:501:1:get_socket	24	static
../net/lwip-2.1.2/src/api/sockets.c:523:1:alloc_socket	24	static
../net/lwip-2.1.2/src/api/sockets.c:573:1:free_socket_locked	24	static
../net/lwip-2.1.2/src/api/sockets.c:597:1:free_socket_free_elements	24	static
../net/lwip-2.1.2/src/api/sockets.c:619:1:free_socket	32	static
../net/lwip-2.1.2/src/api/sockets.c:645:1:lwip_accept	104	static
../net/lwip-2.1.2/src/api/sockets.c:743:1:lwip_bind	48	static
../net/lwip-2.1.2/src/api/sockets.c:797:1:lwip_close	32	static
../net/lwip-2.1.2/src/api/sockets.c:838:1:lwip_connect	56	static
../net/lwip-2.1.2/src/api/sockets.c:906:1:lwip_listen	40	static
../net/lwip-2.1.2/src/api/sockets.c:945:1:lwip_recv_tcp	56	static
../net/lwip-2.1.2/src/api/sockets.c:1048:1:lwip_sock_make_addr	56	static
../net/lwip-2.1.2/src/api/sockets.c:1081:1:lwip_recv_tcp_from	40	static
../net/lwip-2.1.2/src/api/sockets.c:1113:1:lwip_recvfrom_udp_raw	64	static
../net/lwip-2.1.2/src/api/sockets.c:1224:1:lwip_recvfrom	96	static
../net/lwip-2.1.2/src/api/sockets.c:1277:1:lwip_read	32	static
../net/lwip-2.1.2/src/api/sockets.c:1283:1:lwip_readv	56	static
../net/lwip-2.1.2/src/api/sockets.c:1300:1:lwip_recv	32	static
../net/lwip-2.1.2/src/api/sockets.c:1306:1:lwip_recvmsg	80	static
../net/lwip-2.1.2/src/api/sockets.c:1407:1:lwip_send	48	static
../net/lwip-2.1.2/src/api/sockets.c:1447:1:lwip_sendmsg	120	static
../net/lwip-2.1.2/src/api/sockets.c:1610:1:lwip_sendto	64	static
../net/lwip-2.1.2/src/api/sockets.c:1710:1:lwip_socket	32	static
../net/lwip-2.1.2/src/api/sockets.c:1771:1:lwip_write	24	static
../net/lwip-2.1.2/src/api/sockets.c:1777:1:lwip_writev	56	static
../net/lwip-2.1.2/src/api/sockets.c:1796:1:lwip_link_select_cb	16	static
../net/lwip-2.1.2/src/api/sockets.c:1820:1:lwip_unlink_select_cb	16	static
../net/lwip-2.1.2/src/api/sockets.c:1860:1:lwip_selscan	96	static
../net/lwip-2.1.2/src/api/sockets.c:1989:1:lwip_select	136	static
../net/lwip-2.1.2/src/api/sockets.c:2218:1:lwip_pollscan	48	static
../net/lwip-2.1.2/src/api/sockets.c:2344:1:lwip_poll	72	static
../net/lwip-2.1.2/src/api/sockets.c:2463:1:lwip_poll_should_wake	32	static
../net/lwip-2.1.2/src/api/sockets.c:2502:1:event_callback	40	static
../net/lwip-2.1.2/src/api/sockets.c:2601:13:select_check_waiters	40	static
../net/lwip-2.1.2/src/api/sockets.c:2680:1:lwip_shutdown	48	static
../net/lwip-2.1.2/src/api/sockets.c:2725:1:lwip_getaddrname	72	static
../net/lwip-2.1.2/src/api/sockets.c:2772:1:lwip_getpeername	24	static
../net/lwip-2.1.2/src/api/sockets.c:2778:1:lwip_getsockname	24	static
../net/lwip-2.1.2/src/api/sockets.c:2784:1:lwip_getsockopt	48	static
../net/lwip-2.1.2/src/api/sockets.c:2884:1:lwip_sockopt_to_ipopt	16	static
../net/lwip-2.1.2/src/api/sockets.c:2907:1:lwip_getsockopt_impl	56	static
../net/lwip-2.1.2/src/api/sockets.c:3230:1:lwip_setsockopt	48	static
../net/lwip-2.1.2/src/api/sockets.c:3328:1:lwip_setsockopt_impl	72	static
../net/lwip-2.1.2/src/api/sockets.c:3768:1:lwip_ioctl	56	static
../net/lwip-2.1.2/src/api/sockets.c:3861:1:lwip_fcntl	56	static
../net/lwip-2.1.2/src/api/sockets.c:3944:1:lwip_inet_ntop	32	static
../net/lwip-2.1.2/src/api/sockets.c:3977:1:lwip_inet_pton	32	static
../net/lwip-2.1.2/src/api/sockets.c:4014:1:lwip_socket_register_membership	32	static
../net/lwip-2.1.2/src/api/sockets.c:4042:1:lwip_socket_unregister_membership	32	static
../net/lwip-2.1.2/src/api/sockets.c:4069:1:lwip_socket_drop_registered_memberships	32	static
