E:/Program/STM32CubeIDE/clb_app/rtos/board/app/app_paras_save/app_paras_save.h:69:24:app_paras_get	4	static
../board/app/app_paras_config/app_paras_config.c:35:6:app_paras_config_get_mcu_sn	16	static
../board/app/app_paras_config/app_paras_config.c:50:6:app_paras_config_msg_send	48	static
../board/app/app_paras_config/app_paras_config.c:76:20:app_paras_config_broadcast_ack	56	static
../board/app/app_paras_config/app_paras_config.c:123:20:app_paras_config_ack	48	static
../board/app/app_paras_config/app_paras_config.c:154:20:app_paras_config_inform	32	static
../board/app/app_paras_config/app_paras_config.c:216:6:app_paras_config_get_data	40	static
../board/app/app_paras_config/app_paras_config.c:272:6:app_paras_config_init	8	static
