../fs/elmfat/ff.c:611:13:ld_word	24	static
../fs/elmfat/ff.c:620:14:ld_dword	24	static
../fs/elmfat/ff.c:649:13:st_word	16	static
../fs/elmfat/ff.c:655:13:st_dword	16	static
../fs/elmfat/ff.c:685:13:mem_cpy	32	static
../fs/elmfat/ff.c:699:13:mem_set	32	static
../fs/elmfat/ff.c:710:12:mem_cmp	40	static
../fs/elmfat/ff.c:724:12:chk_chr	16	static
../fs/elmfat/ff.c:732:12:dbc_1st	16	static
../fs/elmfat/ff.c:752:12:dbc_2nd	16	static
../fs/elmfat/ff.c:776:14:tchar2uni	32	static
../fs/elmfat/ff.c:849:13:put_utf	32	static
../fs/elmfat/ff.c:938:12:lock_fs	16	static
../fs/elmfat/ff.c:946:13:unlock_fs	16	static
../fs/elmfat/ff.c:1073:16:sync_window	24	static
../fs/elmfat/ff.c:1095:16:move_window	24	static
../fs/elmfat/ff.c:1126:16:sync_fs	24	static
../fs/elmfat/ff.c:1163:14:clst2sect	16	static
../fs/elmfat/ff.c:1180:14:get_fat	32	static
../fs/elmfat/ff.c:1257:16:put_fat	48	static
../fs/elmfat/ff.c:1447:16:remove_chain	40	static
../fs/elmfat/ff.c:1542:14:create_chain	40	static
../fs/elmfat/ff.c:1645:14:clmt_clust	32	static
../fs/elmfat/ff.c:1675:16:dir_clear	32	static
../fs/elmfat/ff.c:1714:16:dir_sdi	32	static
../fs/elmfat/ff.c:1762:16:dir_next	32	static
../fs/elmfat/ff.c:1823:16:dir_alloc	32	static
../fs/elmfat/ff.c:1865:14:ld_clust	24	static
../fs/elmfat/ff.c:1882:13:st_clust	24	static
../fs/elmfat/ff.c:1902:12:cmp_lfn	40	static
../fs/elmfat/ff.c:1938:12:pick_lfn	32	static
../fs/elmfat/ff.c:1976:13:put_lfn	40	static
../fs/elmfat/ff.c:2013:13:gen_numname	56	static
../fs/elmfat/ff.c:2071:13:sum_sfn	24	static
../fs/elmfat/ff.c:2365:16:dir_read	32	static
../fs/elmfat/ff.c:2443:16:dir_find	32	static
../fs/elmfat/ff.c:2524:16:dir_register	56	static
../fs/elmfat/ff.c:2630:16:dir_remove	32	static
../fs/elmfat/ff.c:2676:13:get_fileinfo	40	static
../fs/elmfat/ff.c:2860:16:create_name	48	static
../fs/elmfat/ff.c:3061:16:follow_path	32	static
../fs/elmfat/ff.c:3148:12:get_ldnumber	40	static
../fs/elmfat/ff.c:3294:13:check_fs	24	static
../fs/elmfat/ff.c:3331:13:find_volume	40	static
../fs/elmfat/ff.c:3385:16:mount_volume	72	static
../fs/elmfat/ff.c:3614:16:validate	24	static
../fs/elmfat/ff.c:3658:9:f_mount	40	static
../fs/elmfat/ff.c:3706:9:f_open	112	static
../fs/elmfat/ff.c:3898:9:f_read	64	static
../fs/elmfat/ff.c:3999:9:f_write	56	static
../fs/elmfat/ff.c:4121:9:f_sync	32	static
../fs/elmfat/ff.c:4202:9:f_close	24	static
../fs/elmfat/ff.c:4417:9:f_lseek	72	static
../fs/elmfat/ff.c:4580:9:f_opendir	32	static
../fs/elmfat/ff.c:4646:9:f_closedir	24	static
../fs/elmfat/ff.c:4676:9:f_readdir	32	static
../fs/elmfat/ff.c:4705:9:f_seekdir	24	static
../fs/elmfat/ff.c:4781:9:f_stat	72	static
../fs/elmfat/ff.c:4816:9:f_getfree	72	static
../fs/elmfat/ff.c:4906:9:f_truncate	32	static
../fs/elmfat/ff.c:4956:9:f_unlink	128	static
../fs/elmfat/ff.c:5050:9:f_mkdir	104	static
../fs/elmfat/ff.c:5134:9:f_rename	176	static
../fs/elmfat/ff.c:5722:16:create_partition	64	static
../fs/elmfat/ff.c:5864:9:f_mkfs	136	static
../fs/elmfat/ff.c:6883:5:elm_get_vol	24	static
